<img alt="contes-pour-enfant book.jpg" usemap="#contes-pour-enfant book" src="file:///C:\EasyPHP-Devserver-17\eds-www\Fialas\Projet Edu-k\The-Riddler-Game-TRG-\images\contes-pour-enfant book.jpg"/>
<map id="contes-pour-enfant book" name="contes-pour-enfant book">
    <area alt="bouclier" href="" shape="rect" coords="352,424,381,510" color="4278190080"/>
    <area alt="merlin" href="" shape="rect" coords="529,269,568,381" color="4278190080"/>
    <area alt="" href="" shape="poly" coords="375,213,395,236,400,235,376,211" color="4278190080"/>
    <area alt="sun" href="" shape="circle" coords="668,71,33" color="4278190080"/>
    <area alt="plûme" href="" shape="poly" coords="285,224,336,260,359,253,300,211,284,225" color="4278190080"/>
    <area alt="crabe" href="" shape="rect" coords="776,431,817,472" color="4278190080"/>
    <area alt="crown" href="" shape="rect" coords="627,253,682,290" color="4278190080"/>
    <area alt="porte chateau" href="" shape="rect" coords="417,127,450,168" color="4278190080"/>
    <area alt="" href="" shape="circle" coords="134,366,1" color="4278190080"/>
    <area alt="roi de la jungle" href="" shape="circle" coords="131,401,32" color="4278190080"/>
    <area alt="aile de drag" href="" shape="rect" coords="528,101,597,194" color="4278190080"/>
    <area alt="flag" href="" shape="rect" coords="401,16,436,34" color="4278190080"/>
</map>
